src/App.tsx(237,9): error TS6133: 'handleExportSystem' is declared but its value is never read.
src/App.tsx(250,9): error TS6133: 'handleImportSystem' is declared but its value is never read.
